// Jest Snapshot v1, https://goo.gl/fbAQLP

exports[`TableDate corrent render 1`] = `
<div
  class="mx-calendar mx-calendar-panel-date"
>
  <div
    class="mx-calendar-header"
  >
    <button
      class="mx-btn mx-btn-text mx-btn-icon-left"
      type="button"
    >
      <i
        class="mx-icon-left"
      />
    </button>
     
    <button
      class="mx-btn mx-btn-text mx-btn-icon-right"
      type="button"
    >
      <i
        class="mx-icon-right"
      />
    </button>
     
    <span
      class="mx-calendar-header-label"
    >
      <button
        class="mx-btn mx-btn-text mx-btn-current-month"
        type="button"
      >
        
        October
      
      </button>
      <button
        class="mx-btn mx-btn-text mx-btn-current-year"
        type="button"
      >
        
        2019
      
      </button>
    </span>
  </div>
   
  <div
    class="mx-calendar-content"
  >
    <table
      class="mx-table mx-table-date"
    >
      <thead>
        <tr>
          <!---->
           
          <th>
            Sun
          </th>
          <th>
            Mon
          </th>
          <th>
            Tue
          </th>
          <th>
            Wed
          </th>
          <th>
            Thu
          </th>
          <th>
            Fri
          </th>
          <th>
            Sat
          </th>
        </tr>
      </thead>
       
      <tbody>
        <tr
          class="mx-date-row"
        >
          <!---->
           
          <td
            class="cell"
            data-row-col="0,0"
            data-value="29"
            title="29/09/2019"
          >
            <div>
              29
            </div>
          </td>
          <td
            class="cell"
            data-row-col="0,1"
            data-value="30"
            title="30/09/2019"
          >
            <div>
              30
            </div>
          </td>
          <td
            class="cell"
            data-row-col="0,2"
            data-value="1"
            title="01/10/2019"
          >
            <div>
              1
            </div>
          </td>
          <td
            class="cell"
            data-row-col="0,3"
            data-value="2"
            title="02/10/2019"
          >
            <div>
              2
            </div>
          </td>
          <td
            class="cell"
            data-row-col="0,4"
            data-value="3"
            title="03/10/2019"
          >
            <div>
              3
            </div>
          </td>
          <td
            class="cell"
            data-row-col="0,5"
            data-value="4"
            title="04/10/2019"
          >
            <div>
              4
            </div>
          </td>
          <td
            class="cell"
            data-row-col="0,6"
            data-value="5"
            title="05/10/2019"
          >
            <div>
              5
            </div>
          </td>
        </tr>
        <tr
          class="mx-date-row"
        >
          <!---->
           
          <td
            class="cell"
            data-row-col="1,0"
            data-value="6"
            title="06/10/2019"
          >
            <div>
              6
            </div>
          </td>
          <td
            class="cell"
            data-row-col="1,1"
            data-value="7"
            title="07/10/2019"
          >
            <div>
              7
            </div>
          </td>
          <td
            class="cell"
            data-row-col="1,2"
            data-value="8"
            title="08/10/2019"
          >
            <div>
              8
            </div>
          </td>
          <td
            class="cell"
            data-row-col="1,3"
            data-value="9"
            title="09/10/2019"
          >
            <div>
              9
            </div>
          </td>
          <td
            class="cell"
            data-row-col="1,4"
            data-value="10"
            title="10/10/2019"
          >
            <div>
              10
            </div>
          </td>
          <td
            class="cell"
            data-row-col="1,5"
            data-value="11"
            title="11/10/2019"
          >
            <div>
              11
            </div>
          </td>
          <td
            class="cell"
            data-row-col="1,6"
            data-value="12"
            title="12/10/2019"
          >
            <div>
              12
            </div>
          </td>
        </tr>
        <tr
          class="mx-date-row"
        >
          <!---->
           
          <td
            class="cell"
            data-row-col="2,0"
            data-value="13"
            title="13/10/2019"
          >
            <div>
              13
            </div>
          </td>
          <td
            class="cell"
            data-row-col="2,1"
            data-value="14"
            title="14/10/2019"
          >
            <div>
              14
            </div>
          </td>
          <td
            class="cell"
            data-row-col="2,2"
            data-value="15"
            title="15/10/2019"
          >
            <div>
              15
            </div>
          </td>
          <td
            class="cell"
            data-row-col="2,3"
            data-value="16"
            title="16/10/2019"
          >
            <div>
              16
            </div>
          </td>
          <td
            class="cell"
            data-row-col="2,4"
            data-value="17"
            title="17/10/2019"
          >
            <div>
              17
            </div>
          </td>
          <td
            class="cell"
            data-row-col="2,5"
            data-value="18"
            title="18/10/2019"
          >
            <div>
              18
            </div>
          </td>
          <td
            class="cell"
            data-row-col="2,6"
            data-value="19"
            title="19/10/2019"
          >
            <div>
              19
            </div>
          </td>
        </tr>
        <tr
          class="mx-date-row"
        >
          <!---->
           
          <td
            class="cell"
            data-row-col="3,0"
            data-value="20"
            title="20/10/2019"
          >
            <div>
              20
            </div>
          </td>
          <td
            class="cell"
            data-row-col="3,1"
            data-value="21"
            title="21/10/2019"
          >
            <div>
              21
            </div>
          </td>
          <td
            class="cell"
            data-row-col="3,2"
            data-value="22"
            title="22/10/2019"
          >
            <div>
              22
            </div>
          </td>
          <td
            class="cell"
            data-row-col="3,3"
            data-value="23"
            title="23/10/2019"
          >
            <div>
              23
            </div>
          </td>
          <td
            class="cell"
            data-row-col="3,4"
            data-value="24"
            title="24/10/2019"
          >
            <div>
              24
            </div>
          </td>
          <td
            class="cell"
            data-row-col="3,5"
            data-value="25"
            title="25/10/2019"
          >
            <div>
              25
            </div>
          </td>
          <td
            class="cell"
            data-row-col="3,6"
            data-value="26"
            title="26/10/2019"
          >
            <div>
              26
            </div>
          </td>
        </tr>
        <tr
          class="mx-date-row"
        >
          <!---->
           
          <td
            class="cell"
            data-row-col="4,0"
            data-value="27"
            title="27/10/2019"
          >
            <div>
              27
            </div>
          </td>
          <td
            class="cell"
            data-row-col="4,1"
            data-value="28"
            title="28/10/2019"
          >
            <div>
              28
            </div>
          </td>
          <td
            class="cell"
            data-row-col="4,2"
            data-value="29"
            title="29/10/2019"
          >
            <div>
              29
            </div>
          </td>
          <td
            class="cell"
            data-row-col="4,3"
            data-value="30"
            title="30/10/2019"
          >
            <div>
              30
            </div>
          </td>
          <td
            class="cell"
            data-row-col="4,4"
            data-value="31"
            title="31/10/2019"
          >
            <div>
              31
            </div>
          </td>
          <td
            class="cell"
            data-row-col="4,5"
            data-value="1"
            title="01/11/2019"
          >
            <div>
              1
            </div>
          </td>
          <td
            class="cell"
            data-row-col="4,6"
            data-value="2"
            title="02/11/2019"
          >
            <div>
              2
            </div>
          </td>
        </tr>
        <tr
          class="mx-date-row"
        >
          <!---->
           
          <td
            class="cell"
            data-row-col="5,0"
            data-value="3"
            title="03/11/2019"
          >
            <div>
              3
            </div>
          </td>
          <td
            class="cell"
            data-row-col="5,1"
            data-value="4"
            title="04/11/2019"
          >
            <div>
              4
            </div>
          </td>
          <td
            class="cell"
            data-row-col="5,2"
            data-value="5"
            title="05/11/2019"
          >
            <div>
              5
            </div>
          </td>
          <td
            class="cell"
            data-row-col="5,3"
            data-value="6"
            title="06/11/2019"
          >
            <div>
              6
            </div>
          </td>
          <td
            class="cell"
            data-row-col="5,4"
            data-value="7"
            title="07/11/2019"
          >
            <div>
              7
            </div>
          </td>
          <td
            class="cell"
            data-row-col="5,5"
            data-value="8"
            title="08/11/2019"
          >
            <div>
              8
            </div>
          </td>
          <td
            class="cell"
            data-row-col="5,6"
            data-value="9"
            title="09/11/2019"
          >
            <div>
              9
            </div>
          </td>
        </tr>
      </tbody>
    </table>
  </div>
</div>
`;
